PHPUnit 10.5.36 by Sebastian Bergmann and contributors.

Runtime:       PHP 8.5.0
Configuration: C:\Users\pa32pnx\Dev\pm2etml-apps\phpunit.xml

EEE                                                                 3 / 3 (100%)

Time: 00:00.834, Memory: 44.00 MB

There were 3 errors:

1) Tests\Feature\EvalPulseTest::test_teacher_can_create_evaluation
Illuminate\Database\QueryException: Database file at path [storage/testing-database.sqlite] does not exist. Ensure this is an absolute path to the database. (Connection: sqlite, SQL: select exists (select 1 from sqlite_master where name = 'migrations' and type = 'table') as "exists")

C:\Users\pa32pnx\Dev\pm2etml-apps\vendor\laravel\framework\src\Illuminate\Database\Connection.php:825
C:\Users\pa32pnx\Dev\pm2etml-apps\vendor\laravel\framework\src\Illuminate\Database\Connection.php:779
C:\Users\pa32pnx\Dev\pm2etml-apps\vendor\laravel\framework\src\Illuminate\Database\Connection.php:398
C:\Users\pa32pnx\Dev\pm2etml-apps\vendor\laravel\framework\src\Illuminate\Database\Connection.php:344
C:\Users\pa32pnx\Dev\pm2etml-apps\vendor\laravel\framework\src\Illuminate\Database\Connection.php:361
C:\Users\pa32pnx\Dev\pm2etml-apps\vendor\laravel\framework\src\Illuminate\Database\Schema\SQLiteBuilder.php:44
C:\Users\pa32pnx\Dev\pm2etml-apps\vendor\laravel\framework\src\Illuminate\Database\Migrations\DatabaseMigrationRepository.php:184
C:\Users\pa32pnx\Dev\pm2etml-apps\vendor\laravel\framework\src\Illuminate\Database\Migrations\Migrator.php:742
C:\Users\pa32pnx\Dev\pm2etml-apps\vendor\laravel\framework\src\Illuminate\Database\Console\Migrations\FreshCommand.php:68
C:\Users\pa32pnx\Dev\pm2etml-apps\vendor\laravel\framework\src\Illuminate\Database\Migrations\Migrator.php:658
C:\Users\pa32pnx\Dev\pm2etml-apps\vendor\laravel\framework\src\Illuminate\Database\Console\Migrations\FreshCommand.php:67
C:\Users\pa32pnx\Dev\pm2etml-apps\vendor\laravel\framework\src\Illuminate\Container\BoundMethod.php:36
C:\Users\pa32pnx\Dev\pm2etml-apps\vendor\laravel\framework\src\Illuminate\Container\Util.php:43
C:\Users\pa32pnx\Dev\pm2etml-apps\vendor\laravel\framework\src\Illuminate\Container\BoundMethod.php:95
C:\Users\pa32pnx\Dev\pm2etml-apps\vendor\laravel\framework\src\Illuminate\Container\BoundMethod.php:35
C:\Users\pa32pnx\Dev\pm2etml-apps\vendor\laravel\framework\src\Illuminate\Container\Container.php:696
C:\Users\pa32pnx\Dev\pm2etml-apps\vendor\laravel\framework\src\Illuminate\Console\Command.php:213
C:\Users\pa32pnx\Dev\pm2etml-apps\vendor\symfony\console\Command\Command.php:318
C:\Users\pa32pnx\Dev\pm2etml-apps\vendor\laravel\framework\src\Illuminate\Console\Command.php:182
C:\Users\pa32pnx\Dev\pm2etml-apps\vendor\symfony\console\Application.php:1074
C:\Users\pa32pnx\Dev\pm2etml-apps\vendor\symfony\console\Application.php:341
C:\Users\pa32pnx\Dev\pm2etml-apps\vendor\symfony\console\Application.php:192
C:\Users\pa32pnx\Dev\pm2etml-apps\vendor\laravel\framework\src\Illuminate\Console\Application.php:166
C:\Users\pa32pnx\Dev\pm2etml-apps\vendor\laravel\framework\src\Illuminate\Foundation\Console\Kernel.php:427
C:\Users\pa32pnx\Dev\pm2etml-apps\vendor\laravel\browser-kit-testing\src\Concerns\InteractsWithConsole.php:25
C:\Users\pa32pnx\Dev\pm2etml-apps\vendor\laravel\framework\src\Illuminate\Foundation\Testing\RefreshDatabase.php:66
C:\Users\pa32pnx\Dev\pm2etml-apps\vendor\laravel\framework\src\Illuminate\Foundation\Testing\RefreshDatabase.php:25
C:\Users\pa32pnx\Dev\pm2etml-apps\vendor\laravel\framework\src\Illuminate\Foundation\Testing\Concerns\InteractsWithTestCaseLifecycle.php:207
C:\Users\pa32pnx\Dev\pm2etml-apps\vendor\laravel\framework\src\Illuminate\Foundation\Testing\Concerns\InteractsWithTestCaseLifecycle.php:96
C:\Users\pa32pnx\Dev\pm2etml-apps\vendor\laravel\browser-kit-testing\src\TestCase.php:50

Caused by
Illuminate\Database\SQLiteDatabaseDoesNotExistException: Database file at path [storage/testing-database.sqlite] does not exist. Ensure this is an absolute path to the database.

C:\Users\pa32pnx\Dev\pm2etml-apps\vendor\laravel\framework\src\Illuminate\Database\Connectors\SQLiteConnector.php:37
C:\Users\pa32pnx\Dev\pm2etml-apps\vendor\laravel\framework\src\Illuminate\Database\Connectors\ConnectionFactory.php:224
C:\Users\pa32pnx\Dev\pm2etml-apps\vendor\laravel\framework\src\Illuminate\Database\Connection.php:1231
C:\Users\pa32pnx\Dev\pm2etml-apps\vendor\laravel\framework\src\Illuminate\Database\Connection.php:1267
C:\Users\pa32pnx\Dev\pm2etml-apps\vendor\laravel\framework\src\Illuminate\Database\Connection.php:512
C:\Users\pa32pnx\Dev\pm2etml-apps\vendor\laravel\framework\src\Illuminate\Database\Connection.php:407
C:\Users\pa32pnx\Dev\pm2etml-apps\vendor\laravel\framework\src\Illuminate\Database\Connection.php:812
C:\Users\pa32pnx\Dev\pm2etml-apps\vendor\laravel\framework\src\Illuminate\Database\Connection.php:779
C:\Users\pa32pnx\Dev\pm2etml-apps\vendor\laravel\framework\src\Illuminate\Database\Connection.php:398
C:\Users\pa32pnx\Dev\pm2etml-apps\vendor\laravel\framework\src\Illuminate\Database\Connection.php:344
C:\Users\pa32pnx\Dev\pm2etml-apps\vendor\laravel\framework\src\Illuminate\Database\Connection.php:361
C:\Users\pa32pnx\Dev\pm2etml-apps\vendor\laravel\framework\src\Illuminate\Database\Schema\SQLiteBuilder.php:44
C:\Users\pa32pnx\Dev\pm2etml-apps\vendor\laravel\framework\src\Illuminate\Database\Migrations\DatabaseMigrationRepository.php:184
C:\Users\pa32pnx\Dev\pm2etml-apps\vendor\laravel\framework\src\Illuminate\Database\Migrations\Migrator.php:742
C:\Users\pa32pnx\Dev\pm2etml-apps\vendor\laravel\framework\src\Illuminate\Database\Console\Migrations\FreshCommand.php:68
C:\Users\pa32pnx\Dev\pm2etml-apps\vendor\laravel\framework\src\Illuminate\Database\Migrations\Migrator.php:658
C:\Users\pa32pnx\Dev\pm2etml-apps\vendor\laravel\framework\src\Illuminate\Database\Console\Migrations\FreshCommand.php:67
C:\Users\pa32pnx\Dev\pm2etml-apps\vendor\laravel\framework\src\Illuminate\Container\BoundMethod.php:36
C:\Users\pa32pnx\Dev\pm2etml-apps\vendor\laravel\framework\src\Illuminate\Container\Util.php:43
C:\Users\pa32pnx\Dev\pm2etml-apps\vendor\laravel\framework\src\Illuminate\Container\BoundMethod.php:95
C:\Users\pa32pnx\Dev\pm2etml-apps\vendor\laravel\framework\src\Illuminate\Container\BoundMethod.php:35
C:\Users\pa32pnx\Dev\pm2etml-apps\vendor\laravel\framework\src\Illuminate\Container\Container.php:696
C:\Users\pa32pnx\Dev\pm2etml-apps\vendor\laravel\framework\src\Illuminate\Console\Command.php:213
C:\Users\pa32pnx\Dev\pm2etml-apps\vendor\symfony\console\Command\Command.php:318
C:\Users\pa32pnx\Dev\pm2etml-apps\vendor\laravel\framework\src\Illuminate\Console\Command.php:182
C:\Users\pa32pnx\Dev\pm2etml-apps\vendor\symfony\console\Application.php:1074
C:\Users\pa32pnx\Dev\pm2etml-apps\vendor\symfony\console\Application.php:341
C:\Users\pa32pnx\Dev\pm2etml-apps\vendor\symfony\console\Application.php:192
C:\Users\pa32pnx\Dev\pm2etml-apps\vendor\laravel\framework\src\Illuminate\Console\Application.php:166
C:\Users\pa32pnx\Dev\pm2etml-apps\vendor\laravel\framework\src\Illuminate\Foundation\Console\Kernel.php:427
C:\Users\pa32pnx\Dev\pm2etml-apps\vendor\laravel\browser-kit-testing\src\Concerns\InteractsWithConsole.php:25
C:\Users\pa32pnx\Dev\pm2etml-apps\vendor\laravel\framework\src\Illuminate\Foundation\Testing\RefreshDatabase.php:66
C:\Users\pa32pnx\Dev\pm2etml-apps\vendor\laravel\framework\src\Illuminate\Foundation\Testing\RefreshDatabase.php:25
C:\Users\pa32pnx\Dev\pm2etml-apps\vendor\laravel\framework\src\Illuminate\Foundation\Testing\Concerns\InteractsWithTestCaseLifecycle.php:207
C:\Users\pa32pnx\Dev\pm2etml-apps\vendor\laravel\framework\src\Illuminate\Foundation\Testing\Concerns\InteractsWithTestCaseLifecycle.php:96
C:\Users\pa32pnx\Dev\pm2etml-apps\vendor\laravel\browser-kit-testing\src\TestCase.php:50

2) Tests\Feature\EvalPulseTest::test_teacher_can_update_evaluation_with_lowercase_values
Illuminate\Database\QueryException: Database file at path [storage/testing-database.sqlite] does not exist. Ensure this is an absolute path to the database. (Connection: sqlite, SQL: select exists (select 1 from sqlite_master where name = 'migrations' and type = 'table') as "exists")

C:\Users\pa32pnx\Dev\pm2etml-apps\vendor\laravel\framework\src\Illuminate\Database\Connection.php:825
C:\Users\pa32pnx\Dev\pm2etml-apps\vendor\laravel\framework\src\Illuminate\Database\Connection.php:779
C:\Users\pa32pnx\Dev\pm2etml-apps\vendor\laravel\framework\src\Illuminate\Database\Connection.php:398
C:\Users\pa32pnx\Dev\pm2etml-apps\vendor\laravel\framework\src\Illuminate\Database\Connection.php:344
C:\Users\pa32pnx\Dev\pm2etml-apps\vendor\laravel\framework\src\Illuminate\Database\Connection.php:361
C:\Users\pa32pnx\Dev\pm2etml-apps\vendor\laravel\framework\src\Illuminate\Database\Schema\SQLiteBuilder.php:44
C:\Users\pa32pnx\Dev\pm2etml-apps\vendor\laravel\framework\src\Illuminate\Database\Migrations\DatabaseMigrationRepository.php:184
C:\Users\pa32pnx\Dev\pm2etml-apps\vendor\laravel\framework\src\Illuminate\Database\Migrations\Migrator.php:742
C:\Users\pa32pnx\Dev\pm2etml-apps\vendor\laravel\framework\src\Illuminate\Database\Console\Migrations\FreshCommand.php:68
C:\Users\pa32pnx\Dev\pm2etml-apps\vendor\laravel\framework\src\Illuminate\Database\Migrations\Migrator.php:658
C:\Users\pa32pnx\Dev\pm2etml-apps\vendor\laravel\framework\src\Illuminate\Database\Console\Migrations\FreshCommand.php:67
C:\Users\pa32pnx\Dev\pm2etml-apps\vendor\laravel\framework\src\Illuminate\Container\BoundMethod.php:36
C:\Users\pa32pnx\Dev\pm2etml-apps\vendor\laravel\framework\src\Illuminate\Container\Util.php:43
C:\Users\pa32pnx\Dev\pm2etml-apps\vendor\laravel\framework\src\Illuminate\Container\BoundMethod.php:95
C:\Users\pa32pnx\Dev\pm2etml-apps\vendor\laravel\framework\src\Illuminate\Container\BoundMethod.php:35
C:\Users\pa32pnx\Dev\pm2etml-apps\vendor\laravel\framework\src\Illuminate\Container\Container.php:696
C:\Users\pa32pnx\Dev\pm2etml-apps\vendor\laravel\framework\src\Illuminate\Console\Command.php:213
C:\Users\pa32pnx\Dev\pm2etml-apps\vendor\symfony\console\Command\Command.php:318
C:\Users\pa32pnx\Dev\pm2etml-apps\vendor\laravel\framework\src\Illuminate\Console\Command.php:182
C:\Users\pa32pnx\Dev\pm2etml-apps\vendor\symfony\console\Application.php:1074
C:\Users\pa32pnx\Dev\pm2etml-apps\vendor\symfony\console\Application.php:341
C:\Users\pa32pnx\Dev\pm2etml-apps\vendor\symfony\console\Application.php:192
C:\Users\pa32pnx\Dev\pm2etml-apps\vendor\laravel\framework\src\Illuminate\Console\Application.php:166
C:\Users\pa32pnx\Dev\pm2etml-apps\vendor\laravel\framework\src\Illuminate\Foundation\Console\Kernel.php:427
C:\Users\pa32pnx\Dev\pm2etml-apps\vendor\laravel\browser-kit-testing\src\Concerns\InteractsWithConsole.php:25
C:\Users\pa32pnx\Dev\pm2etml-apps\vendor\laravel\framework\src\Illuminate\Foundation\Testing\RefreshDatabase.php:66
C:\Users\pa32pnx\Dev\pm2etml-apps\vendor\laravel\framework\src\Illuminate\Foundation\Testing\RefreshDatabase.php:25
C:\Users\pa32pnx\Dev\pm2etml-apps\vendor\laravel\framework\src\Illuminate\Foundation\Testing\Concerns\InteractsWithTestCaseLifecycle.php:207
C:\Users\pa32pnx\Dev\pm2etml-apps\vendor\laravel\framework\src\Illuminate\Foundation\Testing\Concerns\InteractsWithTestCaseLifecycle.php:96
C:\Users\pa32pnx\Dev\pm2etml-apps\vendor\laravel\browser-kit-testing\src\TestCase.php:50

Caused by
Illuminate\Database\SQLiteDatabaseDoesNotExistException: Database file at path [storage/testing-database.sqlite] does not exist. Ensure this is an absolute path to the database.

C:\Users\pa32pnx\Dev\pm2etml-apps\vendor\laravel\framework\src\Illuminate\Database\Connectors\SQLiteConnector.php:37
C:\Users\pa32pnx\Dev\pm2etml-apps\vendor\laravel\framework\src\Illuminate\Database\Connectors\ConnectionFactory.php:224
C:\Users\pa32pnx\Dev\pm2etml-apps\vendor\laravel\framework\src\Illuminate\Database\Connection.php:1231
C:\Users\pa32pnx\Dev\pm2etml-apps\vendor\laravel\framework\src\Illuminate\Database\Connection.php:1267
C:\Users\pa32pnx\Dev\pm2etml-apps\vendor\laravel\framework\src\Illuminate\Database\Connection.php:512
C:\Users\pa32pnx\Dev\pm2etml-apps\vendor\laravel\framework\src\Illuminate\Database\Connection.php:407
C:\Users\pa32pnx\Dev\pm2etml-apps\vendor\laravel\framework\src\Illuminate\Database\Connection.php:812
C:\Users\pa32pnx\Dev\pm2etml-apps\vendor\laravel\framework\src\Illuminate\Database\Connection.php:779
C:\Users\pa32pnx\Dev\pm2etml-apps\vendor\laravel\framework\src\Illuminate\Database\Connection.php:398
C:\Users\pa32pnx\Dev\pm2etml-apps\vendor\laravel\framework\src\Illuminate\Database\Connection.php:344
C:\Users\pa32pnx\Dev\pm2etml-apps\vendor\laravel\framework\src\Illuminate\Database\Connection.php:361
C:\Users\pa32pnx\Dev\pm2etml-apps\vendor\laravel\framework\src\Illuminate\Database\Schema\SQLiteBuilder.php:44
C:\Users\pa32pnx\Dev\pm2etml-apps\vendor\laravel\framework\src\Illuminate\Database\Migrations\DatabaseMigrationRepository.php:184
C:\Users\pa32pnx\Dev\pm2etml-apps\vendor\laravel\framework\src\Illuminate\Database\Migrations\Migrator.php:742
C:\Users\pa32pnx\Dev\pm2etml-apps\vendor\laravel\framework\src\Illuminate\Database\Console\Migrations\FreshCommand.php:68
C:\Users\pa32pnx\Dev\pm2etml-apps\vendor\laravel\framework\src\Illuminate\Database\Migrations\Migrator.php:658
C:\Users\pa32pnx\Dev\pm2etml-apps\vendor\laravel\framework\src\Illuminate\Database\Console\Migrations\FreshCommand.php:67
C:\Users\pa32pnx\Dev\pm2etml-apps\vendor\laravel\framework\src\Illuminate\Container\BoundMethod.php:36
C:\Users\pa32pnx\Dev\pm2etml-apps\vendor\laravel\framework\src\Illuminate\Container\Util.php:43
C:\Users\pa32pnx\Dev\pm2etml-apps\vendor\laravel\framework\src\Illuminate\Container\BoundMethod.php:95
C:\Users\pa32pnx\Dev\pm2etml-apps\vendor\laravel\framework\src\Illuminate\Container\BoundMethod.php:35
C:\Users\pa32pnx\Dev\pm2etml-apps\vendor\laravel\framework\src\Illuminate\Container\Container.php:696
C:\Users\pa32pnx\Dev\pm2etml-apps\vendor\laravel\framework\src\Illuminate\Console\Command.php:213
C:\Users\pa32pnx\Dev\pm2etml-apps\vendor\symfony\console\Command\Command.php:318
C:\Users\pa32pnx\Dev\pm2etml-apps\vendor\laravel\framework\src\Illuminate\Console\Command.php:182
C:\Users\pa32pnx\Dev\pm2etml-apps\vendor\symfony\console\Application.php:1074
C:\Users\pa32pnx\Dev\pm2etml-apps\vendor\symfony\console\Application.php:341
C:\Users\pa32pnx\Dev\pm2etml-apps\vendor\symfony\console\Application.php:192
C:\Users\pa32pnx\Dev\pm2etml-apps\vendor\laravel\framework\src\Illuminate\Console\Application.php:166
C:\Users\pa32pnx\Dev\pm2etml-apps\vendor\laravel\framework\src\Illuminate\Foundation\Console\Kernel.php:427
C:\Users\pa32pnx\Dev\pm2etml-apps\vendor\laravel\browser-kit-testing\src\Concerns\InteractsWithConsole.php:25
C:\Users\pa32pnx\Dev\pm2etml-apps\vendor\laravel\framework\src\Illuminate\Foundation\Testing\RefreshDatabase.php:66
C:\Users\pa32pnx\Dev\pm2etml-apps\vendor\laravel\framework\src\Illuminate\Foundation\Testing\RefreshDatabase.php:25
C:\Users\pa32pnx\Dev\pm2etml-apps\vendor\laravel\framework\src\Illuminate\Foundation\Testing\Concerns\InteractsWithTestCaseLifecycle.php:207
C:\Users\pa32pnx\Dev\pm2etml-apps\vendor\laravel\framework\src\Illuminate\Foundation\Testing\Concerns\InteractsWithTestCaseLifecycle.php:96
C:\Users\pa32pnx\Dev\pm2etml-apps\vendor\laravel\browser-kit-testing\src\TestCase.php:50

3) Tests\Feature\EvalPulseTest::test_teacher_can_update_evaluation_with_uppercase_values_and_saved_as_lowercase
Illuminate\Database\QueryException: Database file at path [storage/testing-database.sqlite] does not exist. Ensure this is an absolute path to the database. (Connection: sqlite, SQL: select exists (select 1 from sqlite_master where name = 'migrations' and type = 'table') as "exists")

C:\Users\pa32pnx\Dev\pm2etml-apps\vendor\laravel\framework\src\Illuminate\Database\Connection.php:825
C:\Users\pa32pnx\Dev\pm2etml-apps\vendor\laravel\framework\src\Illuminate\Database\Connection.php:779
C:\Users\pa32pnx\Dev\pm2etml-apps\vendor\laravel\framework\src\Illuminate\Database\Connection.php:398
C:\Users\pa32pnx\Dev\pm2etml-apps\vendor\laravel\framework\src\Illuminate\Database\Connection.php:344
C:\Users\pa32pnx\Dev\pm2etml-apps\vendor\laravel\framework\src\Illuminate\Database\Connection.php:361
C:\Users\pa32pnx\Dev\pm2etml-apps\vendor\laravel\framework\src\Illuminate\Database\Schema\SQLiteBuilder.php:44
C:\Users\pa32pnx\Dev\pm2etml-apps\vendor\laravel\framework\src\Illuminate\Database\Migrations\DatabaseMigrationRepository.php:184
C:\Users\pa32pnx\Dev\pm2etml-apps\vendor\laravel\framework\src\Illuminate\Database\Migrations\Migrator.php:742
C:\Users\pa32pnx\Dev\pm2etml-apps\vendor\laravel\framework\src\Illuminate\Database\Console\Migrations\FreshCommand.php:68
C:\Users\pa32pnx\Dev\pm2etml-apps\vendor\laravel\framework\src\Illuminate\Database\Migrations\Migrator.php:658
C:\Users\pa32pnx\Dev\pm2etml-apps\vendor\laravel\framework\src\Illuminate\Database\Console\Migrations\FreshCommand.php:67
C:\Users\pa32pnx\Dev\pm2etml-apps\vendor\laravel\framework\src\Illuminate\Container\BoundMethod.php:36
C:\Users\pa32pnx\Dev\pm2etml-apps\vendor\laravel\framework\src\Illuminate\Container\Util.php:43
C:\Users\pa32pnx\Dev\pm2etml-apps\vendor\laravel\framework\src\Illuminate\Container\BoundMethod.php:95
C:\Users\pa32pnx\Dev\pm2etml-apps\vendor\laravel\framework\src\Illuminate\Container\BoundMethod.php:35
C:\Users\pa32pnx\Dev\pm2etml-apps\vendor\laravel\framework\src\Illuminate\Container\Container.php:696
C:\Users\pa32pnx\Dev\pm2etml-apps\vendor\laravel\framework\src\Illuminate\Console\Command.php:213
C:\Users\pa32pnx\Dev\pm2etml-apps\vendor\symfony\console\Command\Command.php:318
C:\Users\pa32pnx\Dev\pm2etml-apps\vendor\laravel\framework\src\Illuminate\Console\Command.php:182
C:\Users\pa32pnx\Dev\pm2etml-apps\vendor\symfony\console\Application.php:1074
C:\Users\pa32pnx\Dev\pm2etml-apps\vendor\symfony\console\Application.php:341
C:\Users\pa32pnx\Dev\pm2etml-apps\vendor\symfony\console\Application.php:192
C:\Users\pa32pnx\Dev\pm2etml-apps\vendor\laravel\framework\src\Illuminate\Console\Application.php:166
C:\Users\pa32pnx\Dev\pm2etml-apps\vendor\laravel\framework\src\Illuminate\Foundation\Console\Kernel.php:427
C:\Users\pa32pnx\Dev\pm2etml-apps\vendor\laravel\browser-kit-testing\src\Concerns\InteractsWithConsole.php:25
C:\Users\pa32pnx\Dev\pm2etml-apps\vendor\laravel\framework\src\Illuminate\Foundation\Testing\RefreshDatabase.php:66
C:\Users\pa32pnx\Dev\pm2etml-apps\vendor\laravel\framework\src\Illuminate\Foundation\Testing\RefreshDatabase.php:25
C:\Users\pa32pnx\Dev\pm2etml-apps\vendor\laravel\framework\src\Illuminate\Foundation\Testing\Concerns\InteractsWithTestCaseLifecycle.php:207
C:\Users\pa32pnx\Dev\pm2etml-apps\vendor\laravel\framework\src\Illuminate\Foundation\Testing\Concerns\InteractsWithTestCaseLifecycle.php:96
C:\Users\pa32pnx\Dev\pm2etml-apps\vendor\laravel\browser-kit-testing\src\TestCase.php:50

Caused by
Illuminate\Database\SQLiteDatabaseDoesNotExistException: Database file at path [storage/testing-database.sqlite] does not exist. Ensure this is an absolute path to the database.

C:\Users\pa32pnx\Dev\pm2etml-apps\vendor\laravel\framework\src\Illuminate\Database\Connectors\SQLiteConnector.php:37
C:\Users\pa32pnx\Dev\pm2etml-apps\vendor\laravel\framework\src\Illuminate\Database\Connectors\ConnectionFactory.php:224
C:\Users\pa32pnx\Dev\pm2etml-apps\vendor\laravel\framework\src\Illuminate\Database\Connection.php:1231
C:\Users\pa32pnx\Dev\pm2etml-apps\vendor\laravel\framework\src\Illuminate\Database\Connection.php:1267
C:\Users\pa32pnx\Dev\pm2etml-apps\vendor\laravel\framework\src\Illuminate\Database\Connection.php:512
C:\Users\pa32pnx\Dev\pm2etml-apps\vendor\laravel\framework\src\Illuminate\Database\Connection.php:407
C:\Users\pa32pnx\Dev\pm2etml-apps\vendor\laravel\framework\src\Illuminate\Database\Connection.php:812
C:\Users\pa32pnx\Dev\pm2etml-apps\vendor\laravel\framework\src\Illuminate\Database\Connection.php:779
C:\Users\pa32pnx\Dev\pm2etml-apps\vendor\laravel\framework\src\Illuminate\Database\Connection.php:398
C:\Users\pa32pnx\Dev\pm2etml-apps\vendor\laravel\framework\src\Illuminate\Database\Connection.php:344
C:\Users\pa32pnx\Dev\pm2etml-apps\vendor\laravel\framework\src\Illuminate\Database\Connection.php:361
C:\Users\pa32pnx\Dev\pm2etml-apps\vendor\laravel\framework\src\Illuminate\Database\Schema\SQLiteBuilder.php:44
C:\Users\pa32pnx\Dev\pm2etml-apps\vendor\laravel\framework\src\Illuminate\Database\Migrations\DatabaseMigrationRepository.php:184
C:\Users\pa32pnx\Dev\pm2etml-apps\vendor\laravel\framework\src\Illuminate\Database\Migrations\Migrator.php:742
C:\Users\pa32pnx\Dev\pm2etml-apps\vendor\laravel\framework\src\Illuminate\Database\Console\Migrations\FreshCommand.php:68
C:\Users\pa32pnx\Dev\pm2etml-apps\vendor\laravel\framework\src\Illuminate\Database\Migrations\Migrator.php:658
C:\Users\pa32pnx\Dev\pm2etml-apps\vendor\laravel\framework\src\Illuminate\Database\Console\Migrations\FreshCommand.php:67
C:\Users\pa32pnx\Dev\pm2etml-apps\vendor\laravel\framework\src\Illuminate\Container\BoundMethod.php:36
C:\Users\pa32pnx\Dev\pm2etml-apps\vendor\laravel\framework\src\Illuminate\Container\Util.php:43
C:\Users\pa32pnx\Dev\pm2etml-apps\vendor\laravel\framework\src\Illuminate\Container\BoundMethod.php:95
C:\Users\pa32pnx\Dev\pm2etml-apps\vendor\laravel\framework\src\Illuminate\Container\BoundMethod.php:35
C:\Users\pa32pnx\Dev\pm2etml-apps\vendor\laravel\framework\src\Illuminate\Container\Container.php:696
C:\Users\pa32pnx\Dev\pm2etml-apps\vendor\laravel\framework\src\Illuminate\Console\Command.php:213
C:\Users\pa32pnx\Dev\pm2etml-apps\vendor\symfony\console\Command\Command.php:318
C:\Users\pa32pnx\Dev\pm2etml-apps\vendor\laravel\framework\src\Illuminate\Console\Command.php:182
C:\Users\pa32pnx\Dev\pm2etml-apps\vendor\symfony\console\Application.php:1074
C:\Users\pa32pnx\Dev\pm2etml-apps\vendor\symfony\console\Application.php:341
C:\Users\pa32pnx\Dev\pm2etml-apps\vendor\symfony\console\Application.php:192
C:\Users\pa32pnx\Dev\pm2etml-apps\vendor\laravel\framework\src\Illuminate\Console\Application.php:166
C:\Users\pa32pnx\Dev\pm2etml-apps\vendor\laravel\framework\src\Illuminate\Foundation\Console\Kernel.php:427
C:\Users\pa32pnx\Dev\pm2etml-apps\vendor\laravel\browser-kit-testing\src\Concerns\InteractsWithConsole.php:25
C:\Users\pa32pnx\Dev\pm2etml-apps\vendor\laravel\framework\src\Illuminate\Foundation\Testing\RefreshDatabase.php:66
C:\Users\pa32pnx\Dev\pm2etml-apps\vendor\laravel\framework\src\Illuminate\Foundation\Testing\RefreshDatabase.php:25
C:\Users\pa32pnx\Dev\pm2etml-apps\vendor\laravel\framework\src\Illuminate\Foundation\Testing\Concerns\InteractsWithTestCaseLifecycle.php:207
C:\Users\pa32pnx\Dev\pm2etml-apps\vendor\laravel\framework\src\Illuminate\Foundation\Testing\Concerns\InteractsWithTestCaseLifecycle.php:96
C:\Users\pa32pnx\Dev\pm2etml-apps\vendor\laravel\browser-kit-testing\src\TestCase.php:50

ERRORS!
Tests: 3, Assertions: 0, Errors: 3, Deprecations: 2.
